[2J[001;001H[=3h[2J[001;001H[2J[001;001H[8;042;160t[2J[001;001H[2J[001;001H[8;056;240t[2J[001;001HBdsDxe: loading Boot0002 "UEFI QEMU HARDDISK QM00001 " from PciRoot(0x0)/Pci(0x1F,0x2)/Sata(0x0,0xFFFF,0x0)
BdsDxe: starting Boot0002 "UEFI QEMU HARDDISK QM00001 " from PciRoot(0x0)/Pci(0x1F,0x2)/Sata(0x0,0xFFFF,0x0)
FOLDER: "romfs:/rw_auto_mount"
FILE: "romfs:/rw_auto_mount/settings.json"
!!!! X64 Exception Type - 0D(#GP - General Protection)  CPU Apic ID - 00000001 !!!!
ExceptionData - 0000000000000000
RIP  - 000000000293A0BF, CS  - 0000000000000038, RFLAGS - 0000000000010246
RAX  - 00000000066E7030, RCX - 00000000066E8EB8, RDX - 00000000029C3760
RBX  - 0000000000000003, RSP - 0000000006C3F4B0, RBP - 0000000006C3F620
RSI  - 0000000000000090, RDI - 0000000003B30248
R8   - 0000000006C3F4D0, R9  - 0000000000000000, R10 - 0000000000000000
R11  - 0000000007E74F60, R12 - 0000000006C3F680, R13 - 00000000066E8EB8
R14  - 0000000000000000, R15 - 0000000000000000
DS   - 0000000000000030, ES  - 0000000000000030, FS  - 0000000000000030
GS   - 0000000000000030, SS  - 0000000000000030
CR0  - 0000000080010033, CR2 - 0000000000000000, CR3 - 0000000007801000
CR4  - 0000000000000668, CR8 - 0000000000000000
DR0  - 0000000000000000, DR1 - 0000000000000000, DR2 - 0000000000000000
DR3  - 0000000000000000, DR6 - 00000000FFFF0FF0, DR7 - 0000000000000400
GDTR - 00000000075D90D0 0000000000000057, LDTR - 0000000000000000
IDTR - 0000000006C500F8 0000000000000FFF,   TR - 0000000000000000
FXSAVE_STATE - 0000000006C3F110
!!!! Find image based on IP(0x293A0BF) /home/totto/Code/coder2k/oopetris_pr5/toolchains/EDK2_TOOLS/workspace/Build/OOPetrisModule/DEBUG_GCC/X64/OOPetrisPkg/DEBUG/OOPetrisApplication.dll (ImageBase=0000000002800000, EntryPoint=0000000002813030) !!!!
